../Drivers/STM32F4xx_HAL_Driver/Src/stm32f4xx_hal_adc_ex.c:831:13:ADC_MultiModeDMAError	0	static
../Drivers/STM32F4xx_HAL_Driver/Src/stm32f4xx_hal_adc_ex.c:818:13:ADC_MultiModeDMAHalfConvCplt	0	static
../Drivers/STM32F4xx_HAL_Driver/Src/stm32f4xx_hal_adc_ex.c:793:13:ADC_MultiModeDMAConvCplt	0	static
../Drivers/STM32F4xx_HAL_Driver/Src/stm32f4xx_hal_adc_ex.c:171:19:HAL_ADCEx_InjectedStart	8	static,ignoring_inline_asm
../Drivers/STM32F4xx_HAL_Driver/Src/stm32f4xx_hal_adc_ex.c:240:19:HAL_ADCEx_InjectedStart_IT	8	static,ignoring_inline_asm
../Drivers/STM32F4xx_HAL_Driver/Src/stm32f4xx_hal_adc_ex.c:320:19:HAL_ADCEx_InjectedStop	0	static
../Drivers/STM32F4xx_HAL_Driver/Src/stm32f4xx_hal_adc_ex.c:339:19:HAL_ADCEx_InjectedPollForConversion	16	static
../Drivers/STM32F4xx_HAL_Driver/Src/stm32f4xx_hal_adc_ex.c:387:19:HAL_ADCEx_InjectedStop_IT	0	static
../Drivers/STM32F4xx_HAL_Driver/Src/stm32f4xx_hal_adc_ex.c:417:10:HAL_ADCEx_InjectedGetValue	8	static
../Drivers/STM32F4xx_HAL_Driver/Src/stm32f4xx_hal_adc_ex.c:467:19:HAL_ADCEx_MultiModeStart_DMA	8	static,ignoring_inline_asm
../Drivers/STM32F4xx_HAL_Driver/Src/stm32f4xx_hal_adc_ex.c:542:19:HAL_ADCEx_MultiModeStop_DMA	16	static
../Drivers/STM32F4xx_HAL_Driver/Src/stm32f4xx_hal_adc_ex.c:582:10:HAL_ADCEx_MultiModeGetValue	0	static
../Drivers/STM32F4xx_HAL_Driver/Src/stm32f4xx_hal_adc_ex.c:594:13:HAL_ADCEx_InjectedConvCpltCallback	0	static
../Drivers/STM32F4xx_HAL_Driver/Src/stm32f4xx_hal_adc_ex.c:614:19:HAL_ADCEx_InjectedConfigChannel	20	static
../Drivers/STM32F4xx_HAL_Driver/Src/stm32f4xx_hal_adc_ex.c:754:19:HAL_ADCEx_MultiModeConfigChannel	8	static
