../Core/Src/main.c:19:5:main	8	static
../Core/Src/main.c:56:9:SystemClock_Config	88	static
../Core/Src/main.c:201:9:GPIO_Set	40	static
../Core/Src/main.c:219:9:Timer_Configuration	8	static
../Core/Src/main.c:233:9:Button_Configuration	32	static
../Core/Src/main.c:252:9:USART3_Configuration	8	static
../Core/Src/main.c:271:6:Choose_Pattern	8	static
../Core/Src/main.c:353:6:HAL_TIM_PeriodElapsedCallback	16	static
../Core/Src/main.c:361:6:HAL_GPIO_EXTI_Callback	16	static
../Core/Src/main.c:372:6:Delay	24	static
