../Core/Src/main.c:17:5:main	24	static
../Core/Src/main.c:52:9:SystemClock_Config	88	static
../Core/Src/main.c:197:9:GPIO_Set	40	static
../Core/Src/main.c:215:9:Timer_Configuration	8	static
../Core/Src/main.c:229:9:Button_Configuration	32	static
../Core/Src/main.c:248:9:USART3_Configuration	8	static
../Core/Src/main.c:267:6:Choose_Pattern	64	static
../Core/Src/main.c:347:6:TIMER6_IRQ_Handler	8	static
../Core/Src/main.c:354:6:HAL_GPIO_EXTI_Callback	16	static
../Core/Src/main.c:364:6:HAL_UART_TxCpltCallback	16	static
