../Core/Src/main.c:18:5:main	8	static
../Core/Src/main.c:60:14:SystemClock_Config	88	static
../Core/Src/main.c:205:14:GPIO_Configuration	32	static
../Core/Src/main.c:222:14:Timer_Configuration	16	static
../Core/Src/main.c:237:14:Button_Configuration	32	static
../Core/Src/main.c:255:14:UART4_Configuration	16	static
../Core/Src/main.c:274:6:Choose_Pattern	16	static
../Core/Src/main.c:330:6:Delay	24	static
../Core/Src/main.c:340:6:HAL_TIM_PeriodElapsedCallback	16	static
../Core/Src/main.c:370:6:HAL_GPIO_EXTI_Callback	16	static
