../Drivers/STM32F4xx_HAL_Driver/Src/stm32f4xx_hal_adc_ex.c:171:19:HAL_ADCEx_InjectedStart	32	static,ignoring_inline_asm
../Drivers/STM32F4xx_HAL_Driver/Src/stm32f4xx_hal_adc_ex.c:240:19:HAL_ADCEx_InjectedStart_IT	32	static,ignoring_inline_asm
../Drivers/STM32F4xx_HAL_Driver/Src/stm32f4xx_hal_adc_ex.c:320:19:HAL_ADCEx_InjectedStop	16	static
../Drivers/STM32F4xx_HAL_Driver/Src/stm32f4xx_hal_adc_ex.c:339:19:HAL_ADCEx_InjectedPollForConversion	24	static
../Drivers/STM32F4xx_HAL_Driver/Src/stm32f4xx_hal_adc_ex.c:387:19:HAL_ADCEx_InjectedStop_IT	16	static
../Drivers/STM32F4xx_HAL_Driver/Src/stm32f4xx_hal_adc_ex.c:417:10:HAL_ADCEx_InjectedGetValue	24	static
../Drivers/STM32F4xx_HAL_Driver/Src/stm32f4xx_hal_adc_ex.c:467:19:HAL_ADCEx_MultiModeStart_DMA	32	static,ignoring_inline_asm
../Drivers/STM32F4xx_HAL_Driver/Src/stm32f4xx_hal_adc_ex.c:542:19:HAL_ADCEx_MultiModeStop_DMA	16	static
../Drivers/STM32F4xx_HAL_Driver/Src/stm32f4xx_hal_adc_ex.c:582:10:HAL_ADCEx_MultiModeGetValue	16	static
../Drivers/STM32F4xx_HAL_Driver/Src/stm32f4xx_hal_adc_ex.c:594:13:HAL_ADCEx_InjectedConvCpltCallback	16	static
../Drivers/STM32F4xx_HAL_Driver/Src/stm32f4xx_hal_adc_ex.c:614:19:HAL_ADCEx_InjectedConfigChannel	16	static
../Drivers/STM32F4xx_HAL_Driver/Src/stm32f4xx_hal_adc_ex.c:752:19:HAL_ADCEx_MultiModeConfigChannel	16	static
../Drivers/STM32F4xx_HAL_Driver/Src/stm32f4xx_hal_adc_ex.c:791:13:ADC_MultiModeDMAConvCplt	24	static
../Drivers/STM32F4xx_HAL_Driver/Src/stm32f4xx_hal_adc_ex.c:816:13:ADC_MultiModeDMAHalfConvCplt	24	static
../Drivers/STM32F4xx_HAL_Driver/Src/stm32f4xx_hal_adc_ex.c:829:13:ADC_MultiModeDMAError	24	static
