../Drivers/STM32F4xx_HAL_Driver/Src/stm32f4xx_hal_adc.c:298:13:HAL_ADC_MspInit	0	static
../Drivers/STM32F4xx_HAL_Driver/Src/stm32f4xx_hal_adc.c:206:19:HAL_ADC_Init	8	static,ignoring_inline_asm
../Drivers/STM32F4xx_HAL_Driver/Src/stm32f4xx_hal_adc.c:311:13:HAL_ADC_MspDeInit	0	static
../Drivers/STM32F4xx_HAL_Driver/Src/stm32f4xx_hal_adc.c:259:19:HAL_ADC_DeInit	8	static
../Drivers/STM32F4xx_HAL_Driver/Src/stm32f4xx_hal_adc.c:353:19:HAL_ADC_Start	0	static,ignoring_inline_asm
../Drivers/STM32F4xx_HAL_Driver/Src/stm32f4xx_hal_adc.c:427:19:HAL_ADC_Stop	0	static
../Drivers/STM32F4xx_HAL_Driver/Src/stm32f4xx_hal_adc.c:446:19:HAL_ADC_PollForConversion	16	static
../Drivers/STM32F4xx_HAL_Driver/Src/stm32f4xx_hal_adc.c:496:19:HAL_ADC_PollForEvent	24	static
../Drivers/STM32F4xx_HAL_Driver/Src/stm32f4xx_hal_adc.c:551:19:HAL_ADC_Start_IT	0	static,ignoring_inline_asm
../Drivers/STM32F4xx_HAL_Driver/Src/stm32f4xx_hal_adc.c:633:19:HAL_ADC_Stop_IT	0	static
../Drivers/STM32F4xx_HAL_Driver/Src/stm32f4xx_hal_adc.c:796:19:HAL_ADC_Start_DMA	16	static,ignoring_inline_asm
../Drivers/STM32F4xx_HAL_Driver/Src/stm32f4xx_hal_adc.c:862:19:HAL_ADC_Stop_DMA	8	static
../Drivers/STM32F4xx_HAL_Driver/Src/stm32f4xx_hal_adc.c:889:10:HAL_ADC_GetValue	0	static
../Drivers/STM32F4xx_HAL_Driver/Src/stm32f4xx_hal_adc.c:907:13:HAL_ADC_ConvCpltCallback	0	static
../Drivers/STM32F4xx_HAL_Driver/Src/stm32f4xx_hal_adc.c:1253:13:ADC_DMAConvCplt	8	static
../Drivers/STM32F4xx_HAL_Driver/Src/stm32f4xx_hal_adc.c:920:13:HAL_ADC_ConvHalfCpltCallback	0	static
../Drivers/STM32F4xx_HAL_Driver/Src/stm32f4xx_hal_adc.c:1278:13:ADC_DMAHalfConvCplt	8	static
../Drivers/STM32F4xx_HAL_Driver/Src/stm32f4xx_hal_adc.c:933:13:HAL_ADC_LevelOutOfWindowCallback	0	static
../Drivers/STM32F4xx_HAL_Driver/Src/stm32f4xx_hal_adc.c:946:13:HAL_ADC_ErrorCallback	0	static
../Drivers/STM32F4xx_HAL_Driver/Src/stm32f4xx_hal_adc.c:657:6:HAL_ADC_IRQHandler	8	static
../Drivers/STM32F4xx_HAL_Driver/Src/stm32f4xx_hal_adc.c:1291:13:ADC_DMAError	8	static
../Drivers/STM32F4xx_HAL_Driver/Src/stm32f4xx_hal_adc.c:987:19:HAL_ADC_ConfigChannel	20	static
../Drivers/STM32F4xx_HAL_Driver/Src/stm32f4xx_hal_adc.c:1075:19:HAL_ADC_AnalogWDGConfig	8	static
../Drivers/STM32F4xx_HAL_Driver/Src/stm32f4xx_hal_adc.c:1157:22:HAL_ADC_GetState	0	static
../Drivers/STM32F4xx_HAL_Driver/Src/stm32f4xx_hal_adc.c:1169:10:HAL_ADC_GetError	0	static
